
> dreelio@0.1.0 build
> next build

node.exe : [baseline-browser-mapping] The data in this module 
is over two months old.  To ensure accurate Baseline data, 
please update: `npm i baseline-browser-mapping@latest -D`
At C:\Program Files\nodejs\npm.ps1:29 char:3
+   & $NODE_EXE $NPM_CLI_JS $args
+   ~~~~~~~~~~~~~~~~~~~~~~~~~~~~~
    + CategoryInfo          : NotSpecified: ([baseline-brows... 
   ping@latest -D`:String) [], RemoteException
    + FullyQualifiedErrorId : NativeCommandError
 
 ΓÜá Warning: Next.js inferred your workspace root, but it may 
not be correct.
 We detected multiple lockfiles and selected the directory of 
C:\Users\prakh\package-lock.json as the root directory.
 To silence this warning, set `turbopack.root` in your Next.js 
config, or consider removing one of the lockfiles if it's not 
needed.
   See https://nextjs.org/docs/app/api-reference/config/next-con
fig-js/turbopack#root-directory for more information.
 Detected additional lockfiles: 
   * C:\Users\prakh\OneDrive\Desktop\WEB\onlymedia-new\package-l
ock.json

   Γû▓ Next.js 16.0.10 (Turbopack)

   Creating an optimized production build ...
[baseline-browser-mapping] The data in this module is over two 
months old.  To ensure accurate Baseline data, please update: 
`npm i baseline-browser-mapping@latest -D`
 Γ£ô Compiled successfully in 1959.5ms
   Running TypeScript ...
   Collecting page data using 15 workers ...
[baseline-browser-mapping] The data in this module is over two 
months old.  To ensure accurate Baseline data, please update: 
`npm i baseline-browser-mapping@latest -D`
[baseline-browser-mapping] The data in this module is over two 
months old.  To ensure accurate Baseline data, please update: 
`npm i baseline-browser-mapping@latest -D`
[baseline-browser-mapping] The data in this module is over two 
months old.  To ensure accurate Baseline data, please update: 
`npm i baseline-browser-mapping@latest -D`
   Generating static pages using 15 workers (0/3) ...
[baseline-browser-mapping] The data in this module is over two 
months old.  To ensure accurate Baseline data, please update: 
`npm i baseline-browser-mapping@latest -D`
 Γ£ô Generating static pages using 15 workers (3/3) in 678.3ms
   Finalizing page optimization ...

Route (app)
Γöî Γùï /
Γöö Γùï /_not-found


Γùï  (Static)  prerendered as static content

